ERROR:    Exception in ASGI application
Traceback (most recent call last):
  File "/Users/amogh/Desktop/Job_Finder/job/lib/python3.14/site-packages/uvicorn/protocols/http/httptools_impl.py", line 422, in run_asgi
    result = await app(  # type: ignore[func-returns-value]
             ^^^^^^^^^^^^^^^^^^^^^^^^^^^^^^^^^^^^^^^^^^^^^^
        self.scope, self.receive, self.send
        ^^^^^^^^^^^^^^^^^^^^^^^^^^^^^^^^^^^
    )
    ^
  File "/Users/amogh/Desktop/Job_Finder/job/lib/python3.14/site-packages/uvicorn/middleware/proxy_headers.py", line 63, in __call__
    return await self.app(scope, receive, send)
           ^^^^^^^^^^^^^^^^^^^^^^^^^^^^^^^^^^^^
  File "/Users/amogh/Desktop/Job_Finder/job/lib/python3.14/site-packages/fastapi/applications.py", line 1163, in __call__
    await super().__call__(scope, receive, send)
  File "/Users/amogh/Desktop/Job_Finder/job/lib/python3.14/site-packages/starlette/applications.py", line 96, in __call__
    await self.middleware_stack(scope, receive, send)
  File "/Users/amogh/Desktop/Job_Finder/job/lib/python3.14/site-packages/starlette/middleware/errors.py", line 186, in __call__
    raise exc
  File "/Users/amogh/Desktop/Job_Finder/job/lib/python3.14/site-packages/starlette/middleware/errors.py", line 164, in __call__
    await self.app(scope, receive, _send)
  File "/Users/amogh/Desktop/Job_Finder/job/lib/python3.14/site-packages/starlette/middleware/sessions.py", line 88, in __call__
    await self.app(scope, receive, send_wrapper)
  File "/Users/amogh/Desktop/Job_Finder/job/lib/python3.14/site-packages/starlette/middleware/exceptions.py", line 63, in __call__
    await wrap_app_handling_exceptions(self.app, conn)(scope, receive, send)
  File "/Users/amogh/Desktop/Job_Finder/job/lib/python3.14/site-packages/starlette/_exception_handler.py", line 53, in wrapped_app
    raise exc
  File "/Users/amogh/Desktop/Job_Finder/job/lib/python3.14/site-packages/starlette/_exception_handler.py", line 42, in wrapped_app
    await app(scope, receive, sender)
  File "/Users/amogh/Desktop/Job_Finder/job/lib/python3.14/site-packages/fastapi/middleware/asyncexitstack.py", line 18, in __call__
    await self.app(scope, receive, send)
  File "/Users/amogh/Desktop/Job_Finder/job/lib/python3.14/site-packages/starlette/routing.py", line 670, in __call__
    await self.middleware_stack(scope, receive, send)
  File "/Users/amogh/Desktop/Job_Finder/job/lib/python3.14/site-packages/fastapi/routing.py", line 2734, in app
    await route.handle(scope, receive, send)
  File "/Users/amogh/Desktop/Job_Finder/job/lib/python3.14/site-packages/fastapi/routing.py", line 1281, in handle
    await super().handle(scope, receive, send)
  File "/Users/amogh/Desktop/Job_Finder/job/lib/python3.14/site-packages/starlette/routing.py", line 280, in handle
    await self.app(scope, receive, send)
  File "/Users/amogh/Desktop/Job_Finder/job/lib/python3.14/site-packages/fastapi/routing.py", line 158, in app
    await wrap_app_handling_exceptions(app, request)(scope, receive, send)
  File "/Users/amogh/Desktop/Job_Finder/job/lib/python3.14/site-packages/starlette/_exception_handler.py", line 53, in wrapped_app
    raise exc
  File "/Users/amogh/Desktop/Job_Finder/job/lib/python3.14/site-packages/starlette/_exception_handler.py", line 42, in wrapped_app
    await app(scope, receive, sender)
  File "/Users/amogh/Desktop/Job_Finder/job/lib/python3.14/site-packages/fastapi/routing.py", line 144, in app
    response = await f(request)
               ^^^^^^^^^^^^^^^^
  File "/Users/amogh/Desktop/Job_Finder/job/lib/python3.14/site-packages/fastapi/routing.py", line 706, in app
    raw_response = await run_endpoint_function(
                   ^^^^^^^^^^^^^^^^^^^^^^^^^^^^
    ...<3 lines>...
    )
    ^
  File "/Users/amogh/Desktop/Job_Finder/job/lib/python3.14/site-packages/fastapi/routing.py", line 354, in run_endpoint_function
    return await run_in_threadpool(dependant.call, **values)
           ^^^^^^^^^^^^^^^^^^^^^^^^^^^^^^^^^^^^^^^^^^^^^^^^^
  File "/Users/amogh/Desktop/Job_Finder/job/lib/python3.14/site-packages/starlette/concurrency.py", line 34, in run_in_threadpool
    return await anyio.to_thread.run_sync(func)
           ^^^^^^^^^^^^^^^^^^^^^^^^^^^^^^^^^^^^
  File "/Users/amogh/Desktop/Job_Finder/job/lib/python3.14/site-packages/anyio/to_thread.py", line 65, in run_sync
    return await get_async_backend().run_sync_in_worker_thread(
           ^^^^^^^^^^^^^^^^^^^^^^^^^^^^^^^^^^^^^^^^^^^^^^^^^^^^
        func, args, abandon_on_cancel=abandon_on_cancel, limiter=limiter
        ^^^^^^^^^^^^^^^^^^^^^^^^^^^^^^^^^^^^^^^^^^^^^^^^^^^^^^^^^^^^^^^^
    )
    ^
  File "/Users/amogh/Desktop/Job_Finder/job/lib/python3.14/site-packages/anyio/_backends/_asyncio.py", line 2641, in run_sync_in_worker_thread
    return await future
           ^^^^^^^^^^^^
  File "/Users/amogh/Desktop/Job_Finder/job/lib/python3.14/site-packages/anyio/_backends/_asyncio.py", line 1033, in run
    result = context.run(func, *args)
  File "/Users/amogh/Desktop/Job_Finder/src/jobfinder/web/app.py", line 110, in home
    context.update(_search_results(profile, query=profile.get("query")))
                   ~~~~~~~~~~~~~~~^^^^^^^^^^^^^^^^^^^^^^^^^^^^^^^^^^^^^
  File "/Users/amogh/Desktop/Job_Finder/src/jobfinder/web/app.py", line 320, in _search_results
    if matches_experience(
       ~~~~~~~~~~~~~~~~~~^
        job_min_years=row.min_years_required,
        ^^^^^^^^^^^^^^^^^^^^^^^^^^^^^^^^^^^^^
    ...<4 lines>...
        want_graduate=want_graduate,
        ^^^^^^^^^^^^^^^^^^^^^^^^^^^^
    )
    ^
  File "/Users/amogh/Desktop/Job_Finder/src/jobfinder/normalize/experience.py", line 199, in matches_experience
    return job_min_years <= candidate_years
           ^^^^^^^^^^^^^^^^^^^^^^^^^^^^^^^^
TypeError: '<=' not supported between instances of 'int' and 'str'
ERROR:    Exception in ASGI application
Traceback (most recent call last):
  File "/Users/amogh/Desktop/Job_Finder/job/lib/python3.14/site-packages/uvicorn/protocols/http/httptools_impl.py", line 422, in run_asgi
    result = await app(  # type: ignore[func-returns-value]
             ^^^^^^^^^^^^^^^^^^^^^^^^^^^^^^^^^^^^^^^^^^^^^^
        self.scope, self.receive, self.send
        ^^^^^^^^^^^^^^^^^^^^^^^^^^^^^^^^^^^
    )
    ^
  File "/Users/amogh/Desktop/Job_Finder/job/lib/python3.14/site-packages/uvicorn/middleware/proxy_headers.py", line 63, in __call__
    return await self.app(scope, receive, send)
           ^^^^^^^^^^^^^^^^^^^^^^^^^^^^^^^^^^^^
  File "/Users/amogh/Desktop/Job_Finder/job/lib/python3.14/site-packages/fastapi/applications.py", line 1163, in __call__
    await super().__call__(scope, receive, send)
  File "/Users/amogh/Desktop/Job_Finder/job/lib/python3.14/site-packages/starlette/applications.py", line 96, in __call__
    await self.middleware_stack(scope, receive, send)
  File "/Users/amogh/Desktop/Job_Finder/job/lib/python3.14/site-packages/starlette/middleware/errors.py", line 186, in __call__
    raise exc
  File "/Users/amogh/Desktop/Job_Finder/job/lib/python3.14/site-packages/starlette/middleware/errors.py", line 164, in __call__
    await self.app(scope, receive, _send)
  File "/Users/amogh/Desktop/Job_Finder/job/lib/python3.14/site-packages/starlette/middleware/sessions.py", line 88, in __call__
    await self.app(scope, receive, send_wrapper)
  File "/Users/amogh/Desktop/Job_Finder/job/lib/python3.14/site-packages/starlette/middleware/exceptions.py", line 63, in __call__
    await wrap_app_handling_exceptions(self.app, conn)(scope, receive, send)
  File "/Users/amogh/Desktop/Job_Finder/job/lib/python3.14/site-packages/starlette/_exception_handler.py", line 53, in wrapped_app
    raise exc
  File "/Users/amogh/Desktop/Job_Finder/job/lib/python3.14/site-packages/starlette/_exception_handler.py", line 42, in wrapped_app
    await app(scope, receive, sender)
  File "/Users/amogh/Desktop/Job_Finder/job/lib/python3.14/site-packages/fastapi/middleware/asyncexitstack.py", line 18, in __call__
    await self.app(scope, receive, send)
  File "/Users/amogh/Desktop/Job_Finder/job/lib/python3.14/site-packages/starlette/routing.py", line 670, in __call__
    await self.middleware_stack(scope, receive, send)
  File "/Users/amogh/Desktop/Job_Finder/job/lib/python3.14/site-packages/fastapi/routing.py", line 2734, in app
    await route.handle(scope, receive, send)
  File "/Users/amogh/Desktop/Job_Finder/job/lib/python3.14/site-packages/fastapi/routing.py", line 1281, in handle
    await super().handle(scope, receive, send)
  File "/Users/amogh/Desktop/Job_Finder/job/lib/python3.14/site-packages/starlette/routing.py", line 280, in handle
    await self.app(scope, receive, send)
  File "/Users/amogh/Desktop/Job_Finder/job/lib/python3.14/site-packages/fastapi/routing.py", line 158, in app
    await wrap_app_handling_exceptions(app, request)(scope, receive, send)
  File "/Users/amogh/Desktop/Job_Finder/job/lib/python3.14/site-packages/starlette/_exception_handler.py", line 53, in wrapped_app
    raise exc
  File "/Users/amogh/Desktop/Job_Finder/job/lib/python3.14/site-packages/starlette/_exception_handler.py", line 42, in wrapped_app
    await app(scope, receive, sender)
  File "/Users/amogh/Desktop/Job_Finder/job/lib/python3.14/site-packages/fastapi/routing.py", line 144, in app
    response = await f(request)
               ^^^^^^^^^^^^^^^^
  File "/Users/amogh/Desktop/Job_Finder/job/lib/python3.14/site-packages/fastapi/routing.py", line 706, in app
    raw_response = await run_endpoint_function(
                   ^^^^^^^^^^^^^^^^^^^^^^^^^^^^
    ...<3 lines>...
    )
    ^
  File "/Users/amogh/Desktop/Job_Finder/job/lib/python3.14/site-packages/fastapi/routing.py", line 352, in run_endpoint_function
    return await dependant.call(**values)
           ^^^^^^^^^^^^^^^^^^^^^^^^^^^^^^
  File "/Users/amogh/Desktop/Job_Finder/src/jobfinder/web/app.py", line 142, in search
    return templates.TemplateResponse(
           ~~~~~~~~~~~~~~~~~~~~~~~~~~^
        request, "finder.html", context, status_code=422
        ^^^^^^^^^^^^^^^^^^^^^^^^^^^^^^^^^^^^^^^^^^^^^^^^
    )
    ^
  File "/Users/amogh/Desktop/Job_Finder/job/lib/python3.14/site-packages/starlette/templating.py", line 149, in TemplateResponse
    return _TemplateResponse(
        template,
    ...<4 lines>...
        background=background,
    )
  File "/Users/amogh/Desktop/Job_Finder/job/lib/python3.14/site-packages/starlette/templating.py", line 43, in __init__
    content = template.render(context)
  File "/Users/amogh/Desktop/Job_Finder/job/lib/python3.14/site-packages/jinja2/environment.py", line 1295, in render
    self.environment.handle_exception()
    ~~~~~~~~~~~~~~~~~~~~~~~~~~~~~~~~~^^
  File "/Users/amogh/Desktop/Job_Finder/job/lib/python3.14/site-packages/jinja2/environment.py", line 942, in handle_exception
    raise rewrite_traceback_stack(source=source)
  File "/Users/amogh/Desktop/Job_Finder/src/jobfinder/web/templates/finder.html", line 1, in top-level template code
    {% extends "base.html" %}
  File "/Users/amogh/Desktop/Job_Finder/src/jobfinder/web/templates/base.html", line 93, in top-level template code
    <main><div class="wrap">{% block content %}{% endblock %}</div></main>
    ^^^^^^^^^^^^^^^^^^^^^^^^^
  File "/Users/amogh/Desktop/Job_Finder/src/jobfinder/web/templates/finder.html", line 117, in block 'content'
    {% include "_results.html" %}
    ^^^^^^^^^^^^^^^^^^^^^
  File "/Users/amogh/Desktop/Job_Finder/src/jobfinder/web/templates/_results.html", line 48, in top-level template code
    {% if candidate_years is not none and candidate_years <= 2 and not early_only %}
    ^^^^^^^^^^^^^^^^^^^^^^^
jinja2.exceptions.UndefinedError: 'candidate_years' is undefined
